// Jest Snapshot v1, https://goo.gl/fbAQLP

exports[`Menu should render Menu component 1`] = `
<header
  class="MuiPaper-root MuiAppBar-root MuiAppBar-positionStatic MuiAppBar-colorPrimary styles__StyledAppBar-sc-eb6keh-0 kmLLXf MuiPaper-elevation4"
>
  <div
    class="MuiToolbar-root MuiToolbar-regular MuiToolbar-gutters"
  >
    <div
      class="MuiGrid-root MuiGrid-container MuiGrid-justify-content-xs-space-between"
    >
      <div
        class="MuiGrid-root styles__LogoGridItem-sc-eb6keh-1 gInqwC MuiGrid-item"
      >
        <a
          href="/home"
        >
          <img
            alt="Large Logo"
            height="46"
            src="logo.png"
          />
          <div>
            TECH RADAR 
            2022
          </div>
        </a>
      </div>
      <div
        class="MuiGrid-root MuiGrid-item"
      >
        <button
          aria-label="menu"
          class="MuiButtonBase-root MuiIconButton-root MuiIconButton-colorInherit MuiIconButton-edgeStart"
          tabindex="0"
          type="button"
        >
          <span
            class="MuiIconButton-label"
          >
            <svg
              aria-hidden="true"
              class="MuiSvgIcon-root MuiSvgIcon-fontSizeLarge"
              focusable="false"
              viewBox="0 0 24 24"
            >
              <path
                d="M3 18h18v-2H3v2zm0-5h18v-2H3v2zm0-7v2h18V6H3z"
              />
            </svg>
          </span>
          <span
            class="MuiTouchRipple-root"
          />
        </button>
      </div>
    </div>
  </div>
</header>
`;
