// Jest Snapshot v1, https://goo.gl/fbAQLP

exports[`ContentPage should render ContentPage component 1`] = `
<div
  class="ContentPage__Wrapper-sc-1uhhvyt-0 gkkJPy"
>
  <img
    alt="DevOps"
    class="background"
    height="650"
    src="devops.svg"
    width="650"
  />
  <div
    class="ContentPage__StyledContent-sc-1uhhvyt-1 gIDSeF"
  >
    <div>
      <div
        class="BackLink__StyledBackLink-cr2dtx-0 hkDCpP"
      >
        <a
          href="/category/devops"
        >
          <svg
            aria-hidden="true"
            class="MuiSvgIcon-root"
            focusable="false"
            viewBox="0 0 24 24"
          >
            <path
              d="M15.41 7.41L14 6l-6 6 6 6 1.41-1.41L10.83 12z"
            />
          </svg>
          Back to 
          DevOps
          <img
            alt="DevOps"
            height="24"
            src="devops.svg"
            width="24"
          />
        </a>
      </div>
      <div
        class="ContentPage__Title-sc-1uhhvyt-3 dqEcef title-GitHub"
      >
        GitHub
      </div>
      <a
        href="../"
        rel="noreferrer"
        target="_blank"
      >
        <svg
          class="icon"
          viewBox="0 0 80 80"
        >
          <circle
            cx="40"
            cy="40"
            fill="white"
            r="40"
          />
          <image
            height="50"
            href="https://img.icons8.com/fluent/452/github.png"
            width="50"
            x="15"
            y="15"
          />
        </svg>
      </a>
      <div
        class="ContentPage__ContentBody-sc-1uhhvyt-2 bMA-dYU"
      >
        <div
          class="content-intro"
        >
          Content coming soon
        </div>
        <div
          class="Content__StyledSubContent-zo3988-0 ekxOxi"
        >
          <div
            class="title"
          >
            Use Cases
          </div>
        </div>
        <hr />
        <div
          class="content-nav"
        >
          <div
            class="ContentNavButton__StyledContentNavButton-sxnsax-0 fXGzKw"
            data-testid="Previous"
          >
            <div>
              Previous
            </div>
            <a
              href="/technology/frontend/flutter"
            >
              Flutter
            </a>
          </div>
          <div
            class="ContentNavButton__StyledContentNavButton-sxnsax-0 cdfWpb"
            data-testid="Next"
          >
            <div>
              Next
            </div>
            <a
              href="/technology/devops/circleci"
            >
              CircleCI
            </a>
          </div>
        </div>
      </div>
    </div>
  </div>
</div>
`;
